INFO:root:The number of words ending with 'ing' is 7
INFO:root:The number of words starting with 'To' is 3
INFO:root: Counter({'singing': 3, 'Tosee': 2, 'dancing': 2, 'walking': 1, 'Tocatch': 1, 'talking': 1, 'level': 1, 'python': 1, 'language': 1, 'archieve': 1, 'chat': 1})
INFO:root:Maximum char is singing
INFO:root:The palindrome is level
INFO:root: ['singing']
INFO:root: ['walking']
INFO:root: ['Tosee']
INFO:root: ['Tocatch']
INFO:root: ['dancing']
INFO:root: ['talking']
INFO:root: ['singing']
INFO:root: ['Tosee']
INFO:root: ['dancing']
INFO:root: ['singing']
INFO:root: ['level']
INFO:root: ['python']
INFO:root: ['language']
INFO:root: ['archieve']
INFO:root: ['chat']
INFO:root: {0: 'singing', 1: 'walking', 2: 'Tosee', 3: 'Tocatch', 4: 'dancing', 5: 'talking', 6: 'singing', 7: 'Tosee', 8: 'dancing', 9: 'singing', 10: 'level', 11: 'python', 12: 'language', 13: 'archieve', 14: 'chat'}
INFO:root: ['s', 'ng', 'ng']
INFO:root: ['w', 'lk', 'ng']
INFO:root: ['T', 's', '', '']
INFO:root: ['T', 'c', 'tch']
INFO:root: ['d', 'nc', 'ng']
INFO:root: ['t', 'lk', 'ng']
INFO:root: ['s', 'ng', 'ng']
INFO:root: ['T', 's', '', '']
INFO:root: ['d', 'nc', 'ng']
INFO:root: ['s', 'ng', 'ng']
INFO:root: ['l', 'v', 'l']
INFO:root: ['pyth', 'n']
INFO:root: ['l', 'ng', '', 'g', '']
INFO:root: ['', 'rch', '', 'v', '']
INFO:root: ['ch', 't']
INFO:root: ['sngng', 'wlkng', 'Ts', 'Tctch', 'dncng', 'tlkng', 'sngng', 'Ts', 'dncng', 'sngng', 'lvl', 'pythn', 'lngg', 'rchv', 'cht']
INFO:root:The number of words ending with 'ing' is 7
INFO:root:The number of words starting with 'To' is 3
INFO:root: Counter({'singing': 3, 'Tosee': 2, 'dancing': 2, 'walking': 1, 'Tocatch': 1, 'talking': 1, 'level': 1, 'python': 1, 'language': 1, 'archieve': 1, 'chat': 1})
INFO:root:Maximum char is singing
INFO:root:The palindrome is level
INFO:root: ['singing']
INFO:root: ['walking']
INFO:root: ['Tosee']
INFO:root: ['Tocatch']
INFO:root: ['dancing']
INFO:root: ['talking']
INFO:root: ['singing']
INFO:root: ['Tosee']
INFO:root: ['dancing']
INFO:root: ['singing']
INFO:root: ['level']
INFO:root: ['python']
INFO:root: ['language']
INFO:root: ['archieve']
INFO:root: ['chat']
INFO:root: {0: 'singing', 1: 'walking', 2: 'Tosee', 3: 'Tocatch', 4: 'dancing', 5: 'talking', 6: 'singing', 7: 'Tosee', 8: 'dancing', 9: 'singing', 10: 'level', 11: 'python', 12: 'language', 13: 'archieve', 14: 'chat'}
INFO:root: ['s', 'ng', 'ng']
INFO:root: ['w', 'lk', 'ng']
INFO:root: ['T', 's', '', '']
INFO:root: ['T', 'c', 'tch']
INFO:root: ['d', 'nc', 'ng']
INFO:root: ['t', 'lk', 'ng']
INFO:root: ['s', 'ng', 'ng']
INFO:root: ['T', 's', '', '']
INFO:root: ['d', 'nc', 'ng']
INFO:root: ['s', 'ng', 'ng']
INFO:root: ['l', 'v', 'l']
INFO:root: ['pyth', 'n']
INFO:root: ['l', 'ng', '', 'g', '']
INFO:root: ['', 'rch', '', 'v', '']
INFO:root: ['ch', 't']
INFO:root: ['sngng', 'wlkng', 'Ts', 'Tctch', 'dncng', 'tlkng', 'sngng', 'Ts', 'dncng', 'sngng', 'lvl', 'pythn', 'lngg', 'rchv', 'cht']
INFO:root:The number of words ending with 'ing' is 7
INFO:root:The number of words starting with 'To' is 3
INFO:root: Counter({'singing': 3, 'Tosee': 2, 'dancing': 2, 'walking': 1, 'Tocatch': 1, 'talking': 1, 'level': 1, 'python': 1, 'language': 1, 'archieve': 1, 'chat': 1})
INFO:root:Maximum char is singing
INFO:root:The palindrome is level
INFO:root: ['singing']
INFO:root: ['walking']
INFO:root: ['Tosee']
INFO:root: ['Tocatch']
INFO:root: ['dancing']
INFO:root: ['talking']
INFO:root: ['singing']
INFO:root: ['Tosee']
INFO:root: ['dancing']
INFO:root: ['singing']
INFO:root: ['level']
INFO:root: ['python']
INFO:root: ['language']
INFO:root: ['archieve']
INFO:root: ['chat']
INFO:root: {0: 'singing', 1: 'walking', 2: 'Tosee', 3: 'Tocatch', 4: 'dancing', 5: 'talking', 6: 'singing', 7: 'Tosee', 8: 'dancing', 9: 'singing', 10: 'level', 11: 'python', 12: 'language', 13: 'archieve', 14: 'chat'}
INFO:root: ['s', 'ng', 'ng']
INFO:root: ['w', 'lk', 'ng']
INFO:root: ['T', 's', '', '']
INFO:root: ['T', 'c', 'tch']
INFO:root: ['d', 'nc', 'ng']
INFO:root: ['t', 'lk', 'ng']
INFO:root: ['s', 'ng', 'ng']
INFO:root: ['T', 's', '', '']
INFO:root: ['d', 'nc', 'ng']
INFO:root: ['s', 'ng', 'ng']
INFO:root: ['l', 'v', 'l']
INFO:root: ['pyth', 'n']
INFO:root: ['l', 'ng', '', 'g', '']
INFO:root: ['', 'rch', '', 'v', '']
INFO:root: ['ch', 't']
INFO:root: ['sngng', 'wlkng', 'Ts', 'Tctch', 'dncng', 'tlkng', 'sngng', 'Ts', 'dncng', 'sngng', 'lvl', 'pythn', 'lngg', 'rchv', 'cht']
INFO:root:The number of words ending with 'ing' is 7
INFO:root:The number of words starting with 'To' is 3
INFO:root: Counter({'singing': 3, 'Tosee': 2, 'dancing': 2, 'walking': 1, 'Tocatch': 1, 'talking': 1, 'level': 1, 'python': 1, 'language': 1, 'archieve': 1, 'chat': 1})
INFO:root:Maximum char is singing
INFO:root:The palindrome is level
INFO:root: ['singing']
INFO:root: ['walking']
INFO:root: ['Tosee']
INFO:root: ['Tocatch']
INFO:root: ['dancing']
INFO:root: ['talking']
INFO:root: ['singing']
INFO:root: ['Tosee']
INFO:root: ['dancing']
INFO:root: ['singing']
INFO:root: ['level']
INFO:root: ['python']
INFO:root: ['language']
INFO:root: ['archieve']
INFO:root: ['chat']
INFO:root: {0: 'singing', 1: 'walking', 2: 'Tosee', 3: 'Tocatch', 4: 'dancing', 5: 'talking', 6: 'singing', 7: 'Tosee', 8: 'dancing', 9: 'singing', 10: 'level', 11: 'python', 12: 'language', 13: 'archieve', 14: 'chat'}
INFO:root: ['s', 'ng', 'ng']
INFO:root: ['w', 'lk', 'ng']
INFO:root: ['T', 's', '', '']
INFO:root: ['T', 'c', 'tch']
INFO:root: ['d', 'nc', 'ng']
INFO:root: ['t', 'lk', 'ng']
INFO:root: ['s', 'ng', 'ng']
INFO:root: ['T', 's', '', '']
INFO:root: ['d', 'nc', 'ng']
INFO:root: ['s', 'ng', 'ng']
INFO:root: ['l', 'v', 'l']
INFO:root: ['pyth', 'n']
INFO:root: ['l', 'ng', '', 'g', '']
INFO:root: ['', 'rch', '', 'v', '']
INFO:root: ['ch', 't']
INFO:root: ['sngng', 'wlkng', 'Ts', 'Tctch', 'dncng', 'tlkng', 'sngng', 'Ts', 'dncng', 'sngng', 'lvl', 'pythn', 'lngg', 'rchv', 'cht']
INFO:root:The number of words ending with 'ing' is 7
INFO:root:The number of words starting with 'To' is 3
INFO:root: Counter({'singing': 3, 'Tosee': 2, 'dancing': 2, 'walking': 1, 'Tocatch': 1, 'talking': 1, 'level': 1, 'python': 1, 'language': 1, 'archieve': 1, 'chat': 1})
INFO:root:Maximum char is singing
INFO:root:The palindrome is level
INFO:root: ['singing']
INFO:root: ['walking']
INFO:root: ['Tosee']
INFO:root: ['Tocatch']
INFO:root: ['dancing']
INFO:root: ['talking']
INFO:root: ['singing']
INFO:root: ['Tosee']
INFO:root: ['dancing']
INFO:root: ['singing']
INFO:root: ['level']
INFO:root: ['python']
INFO:root: ['language']
INFO:root: ['archieve']
INFO:root: ['chat']
INFO:root: {0: 'singing', 1: 'walking', 2: 'Tosee', 3: 'Tocatch', 4: 'dancing', 5: 'talking', 6: 'singing', 7: 'Tosee', 8: 'dancing', 9: 'singing', 10: 'level', 11: 'python', 12: 'language', 13: 'archieve', 14: 'chat'}
INFO:root: ['s', 'ng', 'ng']
INFO:root: ['w', 'lk', 'ng']
INFO:root: ['T', 's', '', '']
INFO:root: ['T', 'c', 'tch']
INFO:root: ['d', 'nc', 'ng']
INFO:root: ['t', 'lk', 'ng']
INFO:root: ['s', 'ng', 'ng']
INFO:root: ['T', 's', '', '']
INFO:root: ['d', 'nc', 'ng']
INFO:root: ['s', 'ng', 'ng']
INFO:root: ['l', 'v', 'l']
INFO:root: ['pyth', 'n']
INFO:root: ['l', 'ng', '', 'g', '']
INFO:root: ['', 'rch', '', 'v', '']
INFO:root: ['ch', 't']
INFO:root: ['sngng', 'wlkng', 'Ts', 'Tctch', 'dncng', 'tlkng', 'sngng', 'Ts', 'dncng', 'sngng', 'lvl', 'pythn', 'lngg', 'rchv', 'cht']
INFO:root:The number of words ending with 'ing' is 7
INFO:root:The number of words starting with 'To' is 3
INFO:root: Counter({'singing': 3, 'Tosee': 2, 'dancing': 2, 'walking': 1, 'Tocatch': 1, 'talking': 1, 'level': 1, 'python': 1, 'language': 1, 'archieve': 1, 'chat': 1})
INFO:root:Maximum char is singing
INFO:root:The palindrome is level
INFO:root: ['singing']
INFO:root: ['walking']
INFO:root: ['Tosee']
INFO:root: ['Tocatch']
INFO:root: ['dancing']
INFO:root: ['talking']
INFO:root: ['singing']
INFO:root: ['Tosee']
INFO:root: ['dancing']
INFO:root: ['singing']
INFO:root: ['level']
INFO:root: ['python']
INFO:root: ['language']
INFO:root: ['archieve']
INFO:root: ['chat']
INFO:root: {0: 'singing', 1: 'walking', 2: 'Tosee', 3: 'Tocatch', 4: 'dancing', 5: 'talking', 6: 'singing', 7: 'Tosee', 8: 'dancing', 9: 'singing', 10: 'level', 11: 'python', 12: 'language', 13: 'archieve', 14: 'chat'}
INFO:root: ['s', 'ng', 'ng']
INFO:root: ['w', 'lk', 'ng']
INFO:root: ['T', 's', '', '']
INFO:root: ['T', 'c', 'tch']
INFO:root: ['d', 'nc', 'ng']
INFO:root: ['t', 'lk', 'ng']
INFO:root: ['s', 'ng', 'ng']
INFO:root: ['T', 's', '', '']
INFO:root: ['d', 'nc', 'ng']
INFO:root: ['s', 'ng', 'ng']
INFO:root: ['l', 'v', 'l']
INFO:root: ['pyth', 'n']
INFO:root: ['l', 'ng', '', 'g', '']
INFO:root: ['', 'rch', '', 'v', '']
INFO:root: ['ch', 't']
INFO:root: ['sngng', 'wlkng', 'Ts', 'Tctch', 'dncng', 'tlkng', 'sngng', 'Ts', 'dncng', 'sngng', 'lvl', 'pythn', 'lngg', 'rchv', 'cht']
